
Test of restrictions on parameters to Proxy.getProxyClass








TEST PASSED
