Found: public abstract foo
Found: public abstract bar
