null -- OK
f0 -- OK
f2 -- OK
f4 -- OK
f6 -- OK
f1 -- OK
