1E+2147483647	+	2E-2147483647	=	1.0E+2147483647
1E+2147483647	+	-2E-2147483647	=	9.9E+2147483646
