(0).compareTo(-1) => 1
	Expected 1
(0).compareTo(-1) => 1
	Expected 1
(1).compareTo(-2) => 1
	Expected 1
(-1).compareTo(-2) => 1
	Expected 1
(2).compareTo(1) => 1
	Expected 1
(2).compareTo(-1) => 1
	Expected 1
(10).compareTo(-10) => 1
	Expected 1
(0.2).compareTo(-2) => 1
	Expected 1
(-0.2).compareTo(-2) => 1
	Expected 1
(2E+1).compareTo(2) => 1
	Expected 1
(2E+1).compareTo(-2) => 1
	Expected 1
(0.1).compareTo(-2) => 1
	Expected 1
(-0.1).compareTo(-2) => 1
	Expected 1
(1E+1).compareTo(2) => 1
	Expected 1
(1E+1).compareTo(-2) => 1
	Expected 1
(5E+1).compareTo(2) => 1
	Expected 1
(5E+1).compareTo(-2) => 1
	Expected 1
(9223372036854775807).compareTo(-9223372036854775807) => 1
	Expected 1
(9223372036854775806).compareTo(-9223372036854775807) => 1
	Expected 1
(-9223372036854775806).compareTo(-9223372036854775807) => 1
	Expected 1
(9223372036854775808).compareTo(9223372036854775807) => 1
	Expected -1
(9223372036854775808).compareTo(-9223372036854775807) => 1
	Expected 1
(9223372036854775807).compareTo(-9223372036854775807) => 1
	Expected 1
(9223372036854775808).compareTo(-9223372036854775808) => 1
	Expected -1
(9223372036854775807).compareTo(-9223372036854775807) => 1
	Expected -1
