[FRENCH=connection, POLISH=sausage]
[FRENCH=connection, POLISH=sausage, null]
[FRENCH=connection, POLISH=sausage]
