class java.util.Hashtable
class java.util.HashMap
class java.util.IdentityHashMap
class java.util.LinkedHashMap
class java.util.concurrent.ConcurrentHashMap
class java.util.WeakHashMap
class java.util.TreeMap
class java.util.concurrent.ConcurrentSkipListMap

Passed = 433, failed = 0

