success: newInstanceOne test
success: newInstanceMulti test
success: zeroDimension test
