binarySearch(List<Integer>, Integer)

Passed = 16, failed = 0

