US-ASCII --> ASCII / ASCII
us-ascii --> ASCII / ASCII
ISO646-US --> ASCII / ASCII
ISO-8859-1 --> ISO8859_1 / ISO8859_1
UTF-8 --> UTF8 / UTF8
UTF-16BE --> UnicodeBigUnmarked / UnicodeBigUnmarked
UTF-16LE --> UnicodeLittleUnmarked / UnicodeLittleUnmarked
UTF-16 --> UTF-16 / UTF-16
UTF-16 --> UTF-16
