class ToString$1
class java.util.ArrayList
class java.util.Vector
class java.util.concurrent.CopyOnWriteArrayList
class java.util.concurrent.CopyOnWriteArraySet

Passed = 43, failed = 0

