StringBuffer()
  no args -- OK
StringBuffer(int length)
  1 -- OK
  -1 -- OK
StringBuffer(String str)
  null -- OK
  foo -- OK
StringBuffer.replace(int start, int end, String str)
  -1, 2, " " -- OK
  7, 8, " " -- OK
  2, 1, " " -- OK
All tests PASSED
