Basic Test                   : Passed
IndexOf vs LastIndexOf       : Passed
String vs StringBuffer       : Passed
