testing type parameters
testing non-generic inner class
testing generic inner class 1
testing generic inner class 3
