testing superclass
testing superinterfaces
testing type parameters
testing methods
testing constructors
testing fields
