java.util.SimpleTimeZone[id=End/Day,offset=0,dstSavings=3600000,useDaylight=true,startYear=0,startMode=2,startMonth=2,startDay=-1,startDayOfWeek=6,startTime=86400000,startTimeMode=0,endMode=2,endMonth=3,endDay=1,endDayOfWeek=5,endTime=86400000,endTimeMode=0]
