Exception in thread "main" java.lang.RuntimeException: Illegal leading plus
	at Decode.checkFailure(Decode.java:59)
	at Decode.main(Decode.java:73)
